%!Adobe-FontList 1.13
%Locale:0x409

%BeginFont
Handler:DirectoryHandler
FontType:Suitcase
FontName:AvantGardeITCbyBT-Bold
OutlineFileName:\AvantGarde Bd BT
ResourceID:12836
MacStyle:0
FileLength:74373
FileModTime:659115877
%EndFont

%BeginFont
Handler:DirectoryHandler
FontType:Suitcase
FontName:AvantGardeITCbyBT-BoldOblique
OutlineFileName:\AvantGarde Bd BT
ResourceID:12836
MacStyle:2
FileLength:74373
FileModTime:659115877
%EndFont

%BeginFont
Handler:DirectoryHandler
FontType:Suitcase
FontName:AvantGardeITCbyBT-BoldOblique
OutlineFileName:\AvantGarde Bd BT
ResourceID:4815
MacStyle:0
FileLength:74373
FileModTime:659115877
%EndFont

%BeginFont
Handler:DirectoryHandler
FontType:Suitcase
FontName:AvantGardeITCbyBT-BoldOblique
OutlineFileName:\AvantGarde Bd BT
ResourceID:4815
MacStyle:2
FileLength:74373
FileModTime:659115877
%EndFont

%BeginFont
Handler:DirectoryHandler
FontType:Suitcase
FontName:AvantGardeITCbyBT-BoldCondensed
OutlineFileName:\AvantGarde BdCn BT
ResourceID:12838
MacStyle:0
FileLength:31793
FileModTime:659115896
%EndFont

%BeginFont
Handler:DirectoryHandler
FontType:Suitcase
FontName:AvantGardeITCbyBT-Book
OutlineFileName:\AvantGarde Bk/Dm BT
ResourceID:15394
MacStyle:0
FileLength:151707
FileModTime:659115969
%EndFont

%BeginFont
Handler:DirectoryHandler
FontType:Suitcase
FontName:AvantGardeITCbyBT-Demi
OutlineFileName:\AvantGarde Bk/Dm BT
ResourceID:15394
MacStyle:1
FileLength:151707
FileModTime:659115969
%EndFont

%BeginFont
Handler:DirectoryHandler
FontType:Suitcase
FontName:AvantGardeITCbyBT-BookOblique
OutlineFileName:\AvantGarde Bk/Dm BT
ResourceID:15394
MacStyle:2
FileLength:151707
FileModTime:659115969
%EndFont

%BeginFont
Handler:DirectoryHandler
FontType:Suitcase
FontName:AvantGardeITCbyBT-DemiOblique
OutlineFileName:\AvantGarde Bk/Dm BT
ResourceID:15394
MacStyle:3
FileLength:151707
FileModTime:659115969
%EndFont

%BeginFont
Handler:DirectoryHandler
FontType:Suitcase
FontName:AvantGardeITCbyBT-Demi
OutlineFileName:\AvantGarde Bk/Dm BT
ResourceID:15396
MacStyle:0
FileLength:151707
FileModTime:659115969
%EndFont

%BeginFont
Handler:DirectoryHandler
FontType:Suitcase
FontName:AvantGardeITCbyBT-Demi
OutlineFileName:\AvantGarde Bk/Dm BT
ResourceID:15396
MacStyle:1
FileLength:151707
FileModTime:659115969
%EndFont

%BeginFont
Handler:DirectoryHandler
FontType:Suitcase
FontName:AvantGardeITCbyBT-DemiOblique
OutlineFileName:\AvantGarde Bk/Dm BT
ResourceID:15396
MacStyle:2
FileLength:151707
FileModTime:659115969
%EndFont

%BeginFont
Handler:DirectoryHandler
FontType:Suitcase
FontName:AvantGardeITCbyBT-DemiOblique
OutlineFileName:\AvantGarde Bk/Dm BT
ResourceID:15396
MacStyle:3
FileLength:151707
FileModTime:659115969
%EndFont

%BeginFont
Handler:DirectoryHandler
FontType:Suitcase
FontName:AvantGardeITCbyBT-BookOblique
OutlineFileName:\AvantGarde Bk/Dm BT
ResourceID:4811
MacStyle:0
FileLength:151707
FileModTime:659115969
%EndFont

%BeginFont
Handler:DirectoryHandler
FontType:Suitcase
FontName:AvantGardeITCbyBT-DemiOblique
OutlineFileName:\AvantGarde Bk/Dm BT
ResourceID:4811
MacStyle:1
FileLength:151707
FileModTime:659115969
%EndFont

%BeginFont
Handler:DirectoryHandler
FontType:Suitcase
FontName:AvantGardeITCbyBT-BookOblique
OutlineFileName:\AvantGarde Bk/Dm BT
ResourceID:4811
MacStyle:2
FileLength:151707
FileModTime:659115969
%EndFont

%BeginFont
Handler:DirectoryHandler
FontType:Suitcase
FontName:AvantGardeITCbyBT-DemiOblique
OutlineFileName:\AvantGarde Bk/Dm BT
ResourceID:4811
MacStyle:3
FileLength:151707
FileModTime:659115969
%EndFont

%BeginFont
Handler:DirectoryHandler
FontType:Suitcase
FontName:AvantGardeITCbyBT-DemiOblique
OutlineFileName:\AvantGarde Bk/Dm BT
ResourceID:4812
MacStyle:0
FileLength:151707
FileModTime:659115969
%EndFont

%BeginFont
Handler:DirectoryHandler
FontType:Suitcase
FontName:AvantGardeITCbyBT-DemiOblique
OutlineFileName:\AvantGarde Bk/Dm BT
ResourceID:4812
MacStyle:1
FileLength:151707
FileModTime:659115969
%EndFont

%BeginFont
Handler:DirectoryHandler
FontType:Suitcase
FontName:AvantGardeITCbyBT-DemiOblique
OutlineFileName:\AvantGarde Bk/Dm BT
ResourceID:4812
MacStyle:2
FileLength:151707
FileModTime:659115969
%EndFont

%BeginFont
Handler:DirectoryHandler
FontType:Suitcase
FontName:AvantGardeITCbyBT-DemiOblique
OutlineFileName:\AvantGarde Bk/Dm BT
ResourceID:4812
MacStyle:3
FileLength:151707
FileModTime:659115969
%EndFont

%BeginFont
Handler:DirectoryHandler
FontType:Suitcase
FontName:AvantGardeITCbyBT-BookCondensed
OutlineFileName:\AvantGarde BkCn/DmCn BT
ResourceID:15397
MacStyle:0
FileLength:62815
FileModTime:1011292784
%EndFont

%BeginFont
Handler:DirectoryHandler
FontType:Suitcase
FontName:AvantGardeITCbyBT-DemiCondensed
OutlineFileName:\AvantGarde BkCn/DmCn BT
ResourceID:15397
MacStyle:1
FileLength:62815
FileModTime:1011292784
%EndFont

%BeginFont
Handler:DirectoryHandler
FontType:Suitcase
FontName:AvantGardeITCbyBT-DemiCondensed
OutlineFileName:\AvantGarde BkCn/DmCn BT
ResourceID:15618
MacStyle:0
FileLength:62815
FileModTime:1011292784
%EndFont

%BeginFont
Handler:DirectoryHandler
FontType:Suitcase
FontName:AvantGardeITCbyBT-DemiCondensed
OutlineFileName:\AvantGarde BkCn/DmCn BT
ResourceID:15618
MacStyle:1
FileLength:62815
FileModTime:1011292784
%EndFont

%BeginFont
Handler:DirectoryHandler
FontType:Suitcase
FontName:AvantGardeITCbyBT-Medium
OutlineFileName:\AvantGarde Md BT
ResourceID:12837
MacStyle:0
FileLength:71045
FileModTime:659116042
%EndFont

%BeginFont
Handler:DirectoryHandler
FontType:Suitcase
FontName:AvantGardeITCbyBT-MediumOblique
OutlineFileName:\AvantGarde Md BT
ResourceID:12837
MacStyle:2
FileLength:71045
FileModTime:659116042
%EndFont

%BeginFont
Handler:DirectoryHandler
FontType:Suitcase
FontName:AvantGardeITCbyBT-MediumOblique
OutlineFileName:\AvantGarde Md BT
ResourceID:4814
MacStyle:0
FileLength:71045
FileModTime:659116042
%EndFont

%BeginFont
Handler:DirectoryHandler
FontType:Suitcase
FontName:AvantGardeITCbyBT-MediumOblique
OutlineFileName:\AvantGarde Md BT
ResourceID:4814
MacStyle:2
FileLength:71045
FileModTime:659116042
%EndFont

%BeginFont
Handler:DirectoryHandler
FontType:Suitcase
FontName:AvantGardeITCbyBT-MediumCond
OutlineFileName:\AvantGarde MdCn BT
ResourceID:12839
MacStyle:0
FileLength:30649
FileModTime:659116062
%EndFont

%BeginFont
Handler:DirectoryHandler
FontType:Suitcase
FontName:AvantGardeITCbyBT-Bold
OutlineFileName:\AvantGarde SF
ResourceID:12836
MacStyle:0
FileLength:491065
FileModTime:874420584
%EndFont

%BeginFont
Handler:DirectoryHandler
FontType:Suitcase
FontName:AvantGardeITCbyBT-BoldOblique
OutlineFileName:\AvantGarde SF
ResourceID:12836
MacStyle:2
FileLength:491065
FileModTime:874420584
%EndFont

%BeginFont
Handler:DirectoryHandler
FontType:Suitcase
FontName:AvantGardeITCbyBT-BoldOblique
OutlineFileName:\AvantGarde SF
ResourceID:4815
MacStyle:0
FileLength:491065
FileModTime:874420584
%EndFont

%BeginFont
Handler:DirectoryHandler
FontType:Suitcase
FontName:AvantGardeITCbyBT-BoldOblique
OutlineFileName:\AvantGarde SF
ResourceID:4815
MacStyle:2
FileLength:491065
FileModTime:874420584
%EndFont

%BeginFont
Handler:DirectoryHandler
FontType:Suitcase
FontName:AvantGardeITCbyBT-ExtraLight
OutlineFileName:\AvantGarde SF
ResourceID:15395
MacStyle:0
FileLength:491065
FileModTime:874420584
%EndFont

%BeginFont
Handler:DirectoryHandler
FontType:Suitcase
FontName:AvantGardeITCbyBT-ExtraLightObl
OutlineFileName:\AvantGarde SF
ResourceID:15395
MacStyle:2
FileLength:491065
FileModTime:874420584
%EndFont

%BeginFont
Handler:DirectoryHandler
FontType:Suitcase
FontName:AvantGardeITCbyBT-ExtraLightObl
OutlineFileName:\AvantGarde SF
ResourceID:4813
MacStyle:0
FileLength:491065
FileModTime:874420584
%EndFont

%BeginFont
Handler:DirectoryHandler
FontType:Suitcase
FontName:AvantGardeITCbyBT-ExtraLightObl
OutlineFileName:\AvantGarde SF
ResourceID:4813
MacStyle:2
FileLength:491065
FileModTime:874420584
%EndFont

%BeginFont
Handler:DirectoryHandler
FontType:Suitcase
FontName:AvantGardeITCbyBT-MediumCond
OutlineFileName:\AvantGarde SF
ResourceID:12839
MacStyle:0
FileLength:491065
FileModTime:874420584
%EndFont

%BeginFont
Handler:DirectoryHandler
FontType:Suitcase
FontName:AvantGardeITCbyBT-Medium
OutlineFileName:\AvantGarde SF
ResourceID:12837
MacStyle:0
FileLength:491065
FileModTime:874420584
%EndFont

%BeginFont
Handler:DirectoryHandler
FontType:Suitcase
FontName:AvantGardeITCbyBT-MediumOblique
OutlineFileName:\AvantGarde SF
ResourceID:12837
MacStyle:2
FileLength:491065
FileModTime:874420584
%EndFont

%BeginFont
Handler:DirectoryHandler
FontType:Suitcase
FontName:AvantGardeITCbyBT-MediumOblique
OutlineFileName:\AvantGarde SF
ResourceID:4814
MacStyle:0
FileLength:491065
FileModTime:874420584
%EndFont

%BeginFont
Handler:DirectoryHandler
FontType:Suitcase
FontName:AvantGardeITCbyBT-MediumOblique
OutlineFileName:\AvantGarde SF
ResourceID:4814
MacStyle:2
FileLength:491065
FileModTime:874420584
%EndFont

%BeginFont
Handler:DirectoryHandler
FontType:Suitcase
FontName:AvantGardeITCbyBT-BookCondensed
OutlineFileName:\AvantGarde SF
ResourceID:15397
MacStyle:0
FileLength:491065
FileModTime:874420584
%EndFont

%BeginFont
Handler:DirectoryHandler
FontType:Suitcase
FontName:AvantGardeITCbyBT-DemiCondensed
OutlineFileName:\AvantGarde SF
ResourceID:15397
MacStyle:1
FileLength:491065
FileModTime:874420584
%EndFont

%BeginFont
Handler:DirectoryHandler
FontType:Suitcase
FontName:AvantGardeITCbyBT-DemiCondensed
OutlineFileName:\AvantGarde SF
ResourceID:15618
MacStyle:0
FileLength:491065
FileModTime:874420584
%EndFont

%BeginFont
Handler:DirectoryHandler
FontType:Suitcase
FontName:AvantGardeITCbyBT-DemiCondensed
OutlineFileName:\AvantGarde SF
ResourceID:15618
MacStyle:1
FileLength:491065
FileModTime:874420584
%EndFont

%BeginFont
Handler:DirectoryHandler
FontType:Suitcase
FontName:AvantGardeITCbyBT-Book
OutlineFileName:\AvantGarde SF
ResourceID:15394
MacStyle:0
FileLength:491065
FileModTime:874420584
%EndFont

%BeginFont
Handler:DirectoryHandler
FontType:Suitcase
FontName:AvantGardeITCbyBT-Demi
OutlineFileName:\AvantGarde SF
ResourceID:15394
MacStyle:1
FileLength:491065
FileModTime:874420584
%EndFont

%BeginFont
Handler:DirectoryHandler
FontType:Suitcase
FontName:AvantGardeITCbyBT-BookOblique
OutlineFileName:\AvantGarde SF
ResourceID:15394
MacStyle:2
FileLength:491065
FileModTime:874420584
%EndFont

%BeginFont
Handler:DirectoryHandler
FontType:Suitcase
FontName:AvantGardeITCbyBT-DemiOblique
OutlineFileName:\AvantGarde SF
ResourceID:15394
MacStyle:3
FileLength:491065
FileModTime:874420584
%EndFont

%BeginFont
Handler:DirectoryHandler
FontType:Suitcase
FontName:AvantGardeITCbyBT-BookOblique
OutlineFileName:\AvantGarde SF
ResourceID:4811
MacStyle:0
FileLength:491065
FileModTime:874420584
%EndFont

%BeginFont
Handler:DirectoryHandler
FontType:Suitcase
FontName:AvantGardeITCbyBT-DemiOblique
OutlineFileName:\AvantGarde SF
ResourceID:4811
MacStyle:1
FileLength:491065
FileModTime:874420584
%EndFont

%BeginFont
Handler:DirectoryHandler
FontType:Suitcase
FontName:AvantGardeITCbyBT-BookOblique
OutlineFileName:\AvantGarde SF
ResourceID:4811
MacStyle:2
FileLength:491065
FileModTime:874420584
%EndFont

%BeginFont
Handler:DirectoryHandler
FontType:Suitcase
FontName:AvantGardeITCbyBT-DemiOblique
OutlineFileName:\AvantGarde SF
ResourceID:4811
MacStyle:3
FileLength:491065
FileModTime:874420584
%EndFont

%BeginFont
Handler:DirectoryHandler
FontType:Suitcase
FontName:AvantGardeITCbyBT-Demi
OutlineFileName:\AvantGarde SF
ResourceID:15396
MacStyle:0
FileLength:491065
FileModTime:874420584
%EndFont

%BeginFont
Handler:DirectoryHandler
FontType:Suitcase
FontName:AvantGardeITCbyBT-Demi
OutlineFileName:\AvantGarde SF
ResourceID:15396
MacStyle:1
FileLength:491065
FileModTime:874420584
%EndFont

%BeginFont
Handler:DirectoryHandler
FontType:Suitcase
FontName:AvantGardeITCbyBT-DemiOblique
OutlineFileName:\AvantGarde SF
ResourceID:15396
MacStyle:2
FileLength:491065
FileModTime:874420584
%EndFont

%BeginFont
Handler:DirectoryHandler
FontType:Suitcase
FontName:AvantGardeITCbyBT-DemiOblique
OutlineFileName:\AvantGarde SF
ResourceID:15396
MacStyle:3
FileLength:491065
FileModTime:874420584
%EndFont

%BeginFont
Handler:DirectoryHandler
FontType:Suitcase
FontName:AvantGardeITCbyBT-DemiOblique
OutlineFileName:\AvantGarde SF
ResourceID:4812
MacStyle:0
FileLength:491065
FileModTime:874420584
%EndFont

%BeginFont
Handler:DirectoryHandler
FontType:Suitcase
FontName:AvantGardeITCbyBT-DemiOblique
OutlineFileName:\AvantGarde SF
ResourceID:4812
MacStyle:1
FileLength:491065
FileModTime:874420584
%EndFont

%BeginFont
Handler:DirectoryHandler
FontType:Suitcase
FontName:AvantGardeITCbyBT-DemiOblique
OutlineFileName:\AvantGarde SF
ResourceID:4812
MacStyle:2
FileLength:491065
FileModTime:874420584
%EndFont

%BeginFont
Handler:DirectoryHandler
FontType:Suitcase
FontName:AvantGardeITCbyBT-DemiOblique
OutlineFileName:\AvantGarde SF
ResourceID:4812
MacStyle:3
FileLength:491065
FileModTime:874420584
%EndFont

%BeginFont
Handler:DirectoryHandler
FontType:Suitcase
FontName:AvantGardeITCbyBT-BoldCondensed
OutlineFileName:\AvantGarde SF
ResourceID:12838
MacStyle:0
FileLength:491065
FileModTime:874420584
%EndFont

%BeginFont
Handler:DirectoryHandler
FontType:Type1
FontName:AvantGardeITCbyBT-Bold
FamilyName:ITC Avant Garde Gothic BT
StyleName:Bold
MenuName:ITC Avant Garde Gothic BT
StyleBits:2
WeightClass:700
WidthClass:5
AngleClass:0
FullName:ITC Avant Garde Gothic BT Bold
WritingScript:Roman
OutlineFileName:\AvantGarITCbyBTBol
DataFormat:POSTResource
UsesStandardEncoding:yes
isCFF:no
FileLength:34284
FileModTime:659643770
DesignSize:-1
%EndFont

%BeginFont
Handler:DirectoryHandler
FontType:Type1
FontName:AvantGardeITCbyBT-BoldCondensed
FamilyName:ITC Avant Garde Gothic BT
StyleName:Bold Condensed
MenuName:ITC Avant Garde Gothic BT
StyleBits:2
WeightClass:700
WidthClass:3
AngleClass:0
FullName:ITC Avant Garde Gothic BT Bold Condensed
WritingScript:Roman
OutlineFileName:\AvantGarITCbyBTBolCon
DataFormat:POSTResource
UsesStandardEncoding:yes
isCFF:no
FileLength:33532
FileModTime:658185658
DesignSize:-1
%EndFont

%BeginFont
Handler:DirectoryHandler
FontType:Type1
FontName:AvantGardeITCbyBT-BoldOblique
FamilyName:ITC Avant Garde Gothic BT
StyleName:Bold Oblique
MenuName:ITC Avant Garde Gothic BT
StyleBits:3
WeightClass:700
WidthClass:5
AngleClass:1
FullName:ITC Avant Garde Gothic BT Bold Oblique
WritingScript:Roman
OutlineFileName:\AvantGarITCbyBTBolObl
DataFormat:POSTResource
UsesStandardEncoding:yes
isCFF:no
FileLength:34497
FileModTime:659643773
DesignSize:-1
%EndFont

%BeginFont
Handler:DirectoryHandler
FontType:Type1
FontName:AvantGardeITCbyBT-Book
FamilyName:ITC Avant Garde Gothic BT
StyleName:Book
MenuName:ITC Avant Garde Gothic BT
StyleBits:0
WeightClass:400
WidthClass:5
AngleClass:0
FullName:ITC Avant Garde Gothic BT Book
WritingScript:Roman
OutlineFileName:\AvantGarITCbyBTBoo
DataFormat:POSTResource
UsesStandardEncoding:yes
isCFF:no
FileLength:32579
FileModTime:659643755
DesignSize:-1
%EndFont

%BeginFont
Handler:DirectoryHandler
FontType:Type1
FontName:AvantGardeITCbyBT-BookCondensed
FamilyName:ITC Avant Garde Gothic BT
StyleName:Book Condensed
MenuName:ITC Avant Garde Gothic BT
StyleBits:0
WeightClass:400
WidthClass:3
AngleClass:0
FullName:ITC Avant Garde Gothic BT Book Condensed
WritingScript:Roman
OutlineFileName:\AvantGarITCbyBTBooCon
DataFormat:POSTResource
UsesStandardEncoding:yes
isCFF:no
FileLength:32755
FileModTime:658185643
DesignSize:-1
%EndFont

%BeginFont
Handler:DirectoryHandler
FontType:Type1
FontName:AvantGardeITCbyBT-BookOblique
FamilyName:ITC Avant Garde Gothic BT
StyleName:Book Oblique
MenuName:ITC Avant Garde Gothic BT
StyleBits:1
WeightClass:400
WidthClass:5
AngleClass:1
FullName:ITC Avant Garde Gothic BT Book Oblique
WritingScript:Roman
OutlineFileName:\AvantGarITCbyBTBooObl
DataFormat:POSTResource
UsesStandardEncoding:yes
isCFF:no
FileLength:34180
FileModTime:659643759
DesignSize:-1
%EndFont

%BeginFont
Handler:DirectoryHandler
FontType:Type1
FontName:AvantGardeITCbyBT-Demi
FamilyName:ITC Avant Garde Gothic BT
StyleName:Demi
MenuName:ITC Avant Garde Gothic BT
StyleBits:2
WeightClass:600
WidthClass:5
AngleClass:0
FullName:ITC Avant Garde Gothic BT Demi
WritingScript:Roman
OutlineFileName:\AvantGarITCbyBTDem
DataFormat:POSTResource
UsesStandardEncoding:yes
isCFF:no
FileLength:34167
FileModTime:659643763
DesignSize:-1
%EndFont

%BeginFont
Handler:DirectoryHandler
FontType:Type1
FontName:AvantGardeITCbyBT-DemiCondensed
FamilyName:ITC Avant Garde Gothic BT
StyleName:Demi Condensed
MenuName:ITC Avant Garde Gothic BT
StyleBits:2
WeightClass:600
WidthClass:3
AngleClass:0
FullName:ITC Avant Garde Gothic BT Demi Condensed
WritingScript:Roman
OutlineFileName:\AvantGarITCbyBTDemCon
DataFormat:POSTResource
UsesStandardEncoding:yes
isCFF:no
FileLength:32870
FileModTime:658185653
DesignSize:-1
%EndFont

%BeginFont
Handler:DirectoryHandler
FontType:Type1
FontName:AvantGardeITCbyBT-DemiOblique
FamilyName:ITC Avant Garde Gothic BT
StyleName:Demi Oblique
MenuName:ITC Avant Garde Gothic BT
StyleBits:3
WeightClass:600
WidthClass:5
AngleClass:1
FullName:ITC Avant Garde Gothic BT Demi Oblique
WritingScript:Roman
OutlineFileName:\AvantGarITCbyBTDemObl
DataFormat:POSTResource
UsesStandardEncoding:yes
isCFF:no
FileLength:34696
FileModTime:659643766
DesignSize:-1
%EndFont

%BeginFont
Handler:DirectoryHandler
FontType:Type1
FontName:AvantGardeITCbyBT-ExtraLight
FamilyName:ITC Avant Garde Gothic BT
StyleName:Extra Light
MenuName:ITC Avant Garde Gothic BT
StyleBits:0
WeightClass:100
WidthClass:5
AngleClass:0
FullName:ITC Avant Garde Gothic BT Extra Light
WritingScript:Roman
OutlineFileName:\AvantGarITCbyBTExtLig
DataFormat:POSTResource
UsesStandardEncoding:yes
isCFF:no
FileLength:32401
FileModTime:659716672
DesignSize:-1
%EndFont

%BeginFont
Handler:DirectoryHandler
FontType:Type1
FontName:AvantGardeITCbyBT-ExtraLightObl
FamilyName:ITC Avant Garde Gothic BT
StyleName:Extra Light Oblique
MenuName:ITC Avant Garde Gothic BT
StyleBits:1
WeightClass:100
WidthClass:5
AngleClass:1
FullName:ITC Avant Garde Gothic BT Extra Light Oblique
WritingScript:Roman
OutlineFileName:\AvantGarITCbyBTExtLigObl
DataFormat:POSTResource
UsesStandardEncoding:yes
isCFF:no
FileLength:34009
FileModTime:659716676
DesignSize:-1
%EndFont

%BeginFont
Handler:DirectoryHandler
FontType:Type1
FontName:AvantGardeITCbyBT-Medium
FamilyName:ITC Avant Garde Gothic BT
StyleName:Medium
MenuName:ITC Avant Garde Gothic BT
StyleBits:0
WeightClass:500
WidthClass:5
AngleClass:0
FullName:ITC Avant Garde Gothic BT Medium
WritingScript:Roman
OutlineFileName:\AvantGarITCbyBTMed
DataFormat:POSTResource
UsesStandardEncoding:yes
isCFF:no
FileLength:33239
FileModTime:659716679
DesignSize:-1
%EndFont

%BeginFont
Handler:DirectoryHandler
FontType:Type1
FontName:AvantGardeITCbyBT-MediumCond
FamilyName:ITC Avant Garde Gothic BT
StyleName:Medium Condensed
MenuName:ITC Avant Garde Gothic BT
StyleBits:0
WeightClass:500
WidthClass:3
AngleClass:0
FullName:ITC Avant Garde Gothic BT Medium Condensed
WritingScript:Roman
OutlineFileName:\AvantGarITCbyBTMedCon
DataFormat:POSTResource
UsesStandardEncoding:yes
isCFF:no
FileLength:32750
FileModTime:658185648
DesignSize:-1
%EndFont

%BeginFont
Handler:DirectoryHandler
FontType:Type1
FontName:AvantGardeITCbyBT-MediumOblique
FamilyName:ITC Avant Garde Gothic BT
StyleName:Medium Oblique
MenuName:ITC Avant Garde Gothic BT
StyleBits:1
WeightClass:500
WidthClass:5
AngleClass:1
FullName:ITC Avant Garde Gothic BT Medium Oblique
WritingScript:Roman
OutlineFileName:\AvantGarITCbyBTMedObl
DataFormat:POSTResource
UsesStandardEncoding:yes
isCFF:no
FileLength:34293
FileModTime:659716683
DesignSize:-1
%EndFont

